
> smart-shelf@0.1.0 build
> next build

   Γû▓ Next.js 15.5.12
   - Environments: .env.local, .env

   Creating an optimized production build ...
node.exe :  ΓÜá Compiled with warnings in 11.0s
At line:1 char:1
+ & "C:\Program Files\nodejs/node.exe" "C:\Users\aaron\AppData\Roaming\ ...
+ ~~~~~~~~~~~~~~~~~~~~~~~~~~~~~~~~~~~~~~~~~~~~~~~~~~~~~~~~~~~~~~~~~~~~~
    + CategoryInfo          : NotSpecified: ( ΓÜá Compiled with warnings in 11.0s:String) [], RemoteException
    + FullyQualifiedErrorId : NativeCommandError
 

./node_modules/@opentelemetry/instrumentation/build/esm/platform/node/instrumentation.js
Critical dependency: the request of a dependency is an expression

Import trace for requested module:
./node_modules/@opentelemetry/instrumentation/build/esm/platform/node/instrumentation.js
./node_modules/@opentelemetry/instrumentation/build/esm/platform/node/index.js
./node_modules/@opentelemetry/instrumentation/build/esm/platform/index.js
./node_modules/@opentelemetry/instrumentation/build/esm/index.js
./node_modules/@sentry/node/build/cjs/integrations/tracing/postgresjs.js
./node_modules/@sentry/node/build/cjs/index.js
./node_modules/@sentry/nextjs/build/cjs/index.server.js
./src/server/sentry.ts

./node_modules/@fastify/otel/node_modules/@opentelemetry/instrumentation/build/esm/platform/node/instrumentation.js
Critical dependency: the request of a dependency is an expression

Import trace for requested module:
./node_modules/@fastify/otel/node_modules/@opentelemetry/instrumentation/build/esm/platform/node/instrumentation.js
./node_modules/@fastify/otel/node_modules/@opentelemetry/instrumentation/build/esm/platform/node/index.js
./node_modules/@fastify/otel/node_modules/@opentelemetry/instrumentation/build/esm/platform/index.js
./node_modules/@fastify/otel/node_modules/@opentelemetry/instrumentation/build/esm/index.js
./node_modules/@fastify/otel/index.js
./node_modules/@sentry/node/build/cjs/integrations/tracing/fastify/index.js
./node_modules/@sentry/node/build/cjs/index.js
./node_modules/@sentry/nextjs/build/cjs/index.server.js
./src/server/sentry.ts
./src/app/api/cron/check-expiry/route.ts

./node_modules/@prisma/instrumentation/node_modules/@opentelemetry/instrumentation/build/esm/platform/node/instrumentat
ion.js
Critical dependency: the request of a dependency is an expression

Import trace for requested module:
./node_modules/@prisma/instrumentation/node_modules/@opentelemetry/instrumentation/build/esm/platform/node/instrumentat
ion.js
./node_modules/@prisma/instrumentation/node_modules/@opentelemetry/instrumentation/build/esm/platform/node/index.js
./node_modules/@prisma/instrumentation/node_modules/@opentelemetry/instrumentation/build/esm/platform/index.js
./node_modules/@prisma/instrumentation/node_modules/@opentelemetry/instrumentation/build/esm/index.js
./node_modules/@prisma/instrumentation/dist/index.js
./node_modules/@sentry/node/build/cjs/integrations/tracing/prisma.js
./node_modules/@sentry/node/build/cjs/index.js
./node_modules/@sentry/nextjs/build/cjs/index.server.js
./src/server/sentry.ts
./src/app/api/cron/check-expiry/route.ts

 Γ£ô Compiled successfully in 14.5s
   Linting and checking validity of types ...

Failed to compile.

./src/app/api/auth/[...nextauth]/route.ts
4:7  Warning: Unsafe assignment of an `any` value.  @typescript-eslint/no-unsafe-assignment

./src/app/api/cron/generate-reports/route.ts
1:1  Warning: Imports "NextRequest" are only used as type.  @typescript-eslint/consistent-type-imports

./src/app/api/debug/auth/route.ts
2:1  Warning: Imports "NextRequest" are only used as type.  @typescript-eslint/consistent-type-imports
4:27  Warning: 'req' is defined but never used. Allowed unused args must match /^_/u.  
@typescript-eslint/no-unused-vars

./src/app/api/users/account/route.ts
10:3  Warning: 'validateUserStatus' is defined but never used.  @typescript-eslint/no-unused-vars

./src/app/api/users/account/suspend/route.ts
9:3  Warning: 'validateUserStatus' is defined but never used.  @typescript-eslint/no-unused-vars

./src/app/api/users/me/route.ts
10:27  Warning: 'request' is defined but never used. Allowed unused args must match /^_/u.  
@typescript-eslint/no-unused-vars

./src/app/api/users/profile/route.ts
99:5  Warning: Unused eslint-disable directive (no problems were reported from '@typescript-eslint/no-explicit-any' or 
'@typescript-eslint/no-unsafe-member-access').
108:7  Warning: Unused eslint-disable directive (no problems were reported from 
'@typescript-eslint/no-unsafe-assignment').
109:18  Warning: Unsafe member access .email on an `any` value.  @typescript-eslint/no-unsafe-member-access
114:7  Warning: Unused eslint-disable directive (no problems were reported from '@typescript-eslint/no-explicit-any' 
or '@typescript-eslint/no-unsafe-member-access').
119:7  Warning: Unused eslint-disable directive (no problems were reported from '@typescript-eslint/no-explicit-any' 
or '@typescript-eslint/no-unsafe-member-access').
127:7  Warning: Unused eslint-disable directive (no problems were reported from 
'@typescript-eslint/no-unsafe-assignment').
128:18  Warning: Unsafe member access .password on an `any` value.  @typescript-eslint/no-unsafe-member-access
133:7  Warning: Unused eslint-disable directive (no problems were reported from 
'@typescript-eslint/no-unsafe-assignment').
134:18  Warning: Unsafe member access .name on an `any` value.  @typescript-eslint/no-unsafe-member-access
138:7  Warning: Unused eslint-disable directive (no problems were reported from 
'@typescript-eslint/no-unsafe-assignment').
139:18  Warning: Unsafe member access .image on an `any` value.  @typescript-eslint/no-unsafe-member-access
145:7  Warning: Unused eslint-disable directive (no problems were reported from 
'@typescript-eslint/no-unsafe-argument').
146:7  Warning: Unsafe assignment of an `any` value.  @typescript-eslint/no-unsafe-assignment
172:34  Warning: Unsafe argument of type `any` assigned to a parameter of type `{}`.  
@typescript-eslint/no-unsafe-argument

./src/app/auth/login/page.tsx
13:51  Error: Prefer using nullish coalescing operator (`??`) instead of a logical or (`||`), as it is a safer 
operator.  @typescript-eslint/prefer-nullish-coalescing

./src/app/dashboard/(employee)/_components/RecentBatches.tsx
16:33  Warning: 'refreshTrigger' is defined but never used. Allowed unused args must match /^_/u.  
@typescript-eslint/no-unused-vars
137:26  Warning: Unused eslint-disable directive (no problems were reported from '@typescript-eslint/no-explicit-any' 
or '@typescript-eslint/no-unsafe-member-access').
139:38  Warning: Unexpected any. Specify a different type.  @typescript-eslint/no-explicit-any
139:43  Warning: Unsafe member access .Product on an `any` value.  @typescript-eslint/no-unsafe-member-access
141:26  Warning: Unused eslint-disable directive (no problems were reported from '@typescript-eslint/no-explicit-any' 
or '@typescript-eslint/no-unsafe-member-access').
143:38  Warning: Unexpected any. Specify a different type.  @typescript-eslint/no-explicit-any
143:43  Warning: Unsafe member access .Product on an `any` value.  @typescript-eslint/no-unsafe-member-access

./src/app/dashboard/(manager)/_components/AnalyticsPanel.tsx
282:23  Warning: 'percentage' is assigned a value but never used.  @typescript-eslint/no-unused-vars

./src/app/dashboard/profile/_components/AccountStatusCard.tsx
12:3  Warning: 'status' is defined but never used. Allowed unused args must match /^_/u.  
@typescript-eslint/no-unused-vars

./src/app/dashboard/_components/ManagerActions.tsx
20:9  Warning: 'router' is assigned a value but never used.  @typescript-eslint/no-unused-vars
22:10  Warning: 'checkingOut' is assigned a value but never used.  @typescript-eslint/no-unused-vars
22:23  Warning: 'setCheckingOut' is assigned a value but never used.  @typescript-eslint/no-unused-vars
27:10  Warning: 'checkoutError' is assigned a value but never used.  @typescript-eslint/no-unused-vars
27:25  Warning: 'setCheckoutError' is assigned a value but never used.  @typescript-eslint/no-unused-vars

./src/app/team/accept-invitation/page.tsx
14:17  Warning: 'session' is assigned a value but never used.  @typescript-eslint/no-unused-vars

./src/app/_components/EmployeeDashboard/BatchEntryForm.tsx
16:10  Warning: 'Button' is defined but never used.  @typescript-eslint/no-unused-vars

./src/app/_components/EmployeeDashboard/RecentEntries.tsx
3:10  Warning: 'format' is defined but never used.  @typescript-eslint/no-unused-vars
7:3  Warning: 'AlertTriangle' is defined but never used.  @typescript-eslint/no-unused-vars

./src/app/_components/ManagerDashboard/ManagerDashboard.tsx
12:29  Warning: 'CardHeader' is defined but never used.  @typescript-eslint/no-unused-vars
12:41  Warning: 'CardTitle' is defined but never used.  @typescript-eslint/no-unused-vars

./src/app/_components/shared/app-top-bar.tsx
27:10  Warning: 'mounted' is assigned a value but never used.  @typescript-eslint/no-unused-vars

./src/app/_components/shared/navbar.tsx
24:9  Warning: 'formattedDate' is assigned a value but never used.  @typescript-eslint/no-unused-vars

./src/components/ui/sidebar.tsx
31:7  Warning: 'SIDEBAR_WIDTH_MOBILE' is assigned a value but never used.  @typescript-eslint/no-unused-vars

./src/server/api/routers/inventory.ts
134:23  Warning: This assertion is unnecessary since it does not change the type of the expression.  
@typescript-eslint/no-unnecessary-type-assertion
178:24  Warning: This assertion is unnecessary since it does not change the type of the expression.  
@typescript-eslint/no-unnecessary-type-assertion

./src/server/api/routers/stores.ts
8:10  Warning: 'generateInvitationCode' is defined but never used.  @typescript-eslint/no-unused-vars

./src/server/auth/config.ts
2:10  Warning: 'PrismaAdapter' is defined but never used.  @typescript-eslint/no-unused-vars
164:35  Warning: 'profile' is defined but never used. Allowed unused args must match /^_/u.  
@typescript-eslint/no-unused-vars
203:20  Warning: Unexpected any. Specify a different type.  @typescript-eslint/no-explicit-any
203:25  Warning: Unsafe member access .dbId on an `any` value.  @typescript-eslint/no-unsafe-member-access
225:9  Warning: Unsafe assignment of an `any` value.  @typescript-eslint/no-unsafe-assignment
225:33  Warning: Unexpected any. Specify a different type.  @typescript-eslint/no-explicit-any
225:39  Warning: Unsafe member access .status on an `any` value.  @typescript-eslint/no-unsafe-member-access
236:29  Warning: This assertion is unnecessary since it does not change the type of the expression.  
@typescript-eslint/no-unnecessary-type-assertion
277:24  Warning: This assertion is unnecessary since it does not change the type of the expression.  
@typescript-eslint/no-unnecessary-type-assertion
309:9  Warning: Unused eslint-disable directive (no problems were reported from 
'@typescript-eslint/no-unsafe-assignment').
310:31  Warning: This assertion is unnecessary since it does not change the type of the expression.  
@typescript-eslint/no-unnecessary-type-assertion
316:28  Warning: This assertion is unnecessary since it does not change the type of the expression.  
@typescript-eslint/no-unnecessary-type-assertion

./src/server/email/send-report.ts
65:13  Warning: Unsafe assignment of an `any` value.  @typescript-eslint/no-unsafe-assignment

./src/server/events/event-bus.ts
16:10  Warning: 'db' is defined but never used.  @typescript-eslint/no-unused-vars

info  - Need to disable some ESLint rules? Learn more here: 
https://nextjs.org/docs/app/api-reference/config/eslint#disabling-rules
